[INFO] [launch]: All log files can be found below /tmp/2026-03-21-07-34-49-865993-hfut-NUC11PAHi5-6384
[INFO] [launch]: Default logging verbosity is set to INFO
[INFO] [robot_state_publisher-1]: process started with pid [6396]
[robot_state_publisher-1] [WARN] [1774049690.000385198] [kdl_parser]: Converting unknown joint type of joint 'gimbal_joint' into a fixed joint
[robot_state_publisher-1] [INFO] [1774049690.000432946] [robot_state_publisher]: got segment base_link
[robot_state_publisher-1] [INFO] [1774049690.000467257] [robot_state_publisher]: got segment camera_link
[robot_state_publisher-1] [INFO] [1774049690.000470681] [robot_state_publisher]: got segment camera_optical_frame
[robot_state_publisher-1] [INFO] [1774049690.000473493] [robot_state_publisher]: got segment gimbal_link
[robot_state_publisher-1] [INFO] [1774049690.000476049] [robot_state_publisher]: got segment odom
[robot_state_publisher-1] [INFO] [1774049690.000481011] [robot_state_publisher]: Floating joint. Not adding segment from odom to gimbal_link.
[INFO] [rm_serial_driver_node-2]: process started with pid [6411]
[rm_serial_driver_node-2] [38;2;255;255;255m[INFO]  [serial_driver]  [2026-03-21 07:34:51] : Initializing SerialDriverNode!
[rm_serial_driver_node-2] [0m[38;2;255;255;255m[INFO]  [serial_driver]  [2026-03-21 07:34:51] : Protocol has been created with type: infantry, port: /dev/ttyACM0
[rm_serial_driver_node-2] [0m[38;2;255;255;255m[INFO]  [serial_driver]  [2026-03-21 07:34:51] : Subscribe to topic: /armor_solver/cmd_gimbal
[rm_serial_driver_node-2] [0m[38;2;255;255;255m[INFO]  [serial_driver]  [2026-03-21 07:34:51] : Create client for service: /armor_detector/set_mode
[rm_serial_driver_node-2] [0m[38;2;255;255;255m[INFO]  [serial_driver]  [2026-03-21 07:34:51] : Create client for service: /gimbal_pipeline/set_mode
[rm_serial_driver_node-2] [0m[38;2;255;255;255m[INFO]  [serial_driver]  [2026-03-21 07:34:51] : SerialDriverNode has been initialized!
[rm_serial_driver_node-2] [0m[38;2;255;000;000m[ERROR]  [serial_driver]  [2026-03-21 07:34:51] : transporter_->read() failed
[rm_serial_driver_node-2] [0m[38;2;255;255;000m[WARN]  [serial_driver]  [2026-03-21 07:34:51] : Failed to reveive packet! error message :unknown
[INFO] [ballistic_solver_node_exe-3]: process started with pid [6430]
[INFO] [component_container_mt-4]: process started with pid [6461]
[ballistic_solver_node_exe-3] [0m[INFO] [1774049692.006417631] [ballistic_solver]: Initializing Ballistic Solver Node...[0m
[ballistic_solver_node_exe-3] [0m[INFO] [1774049692.009377433] [ballistic_solver]: Ballistic Solver Node initialized successfully[0m
[ballistic_solver_node_exe-3] [0m[INFO] [1774049692.009418989] [ballistic_solver]: Service available at: //solve[0m
[ballistic_solver_node_exe-3] [0m[INFO] [1774049692.009455560] [ballistic_solver]: Bullet speed: 20.00 m/s[0m
[ballistic_solver_node_exe-3] [0m[INFO] [1774049692.009465632] [ballistic_solver]: Gravity: 9.80 m/s^2[0m
[ballistic_solver_node_exe-3] [0m[INFO] [1774049692.009471749] [ballistic_solver]: Air resistance: 0.010000[0m
[ballistic_solver_node_exe-3] [0m[INFO] [1774049692.009480215] [ballistic_solver]: Compensator type: resistance[0m
[component_container_mt-4] [0m[INFO] [1774049692.286167571] [camera_detector_container]: Load Library: /home/hfut-nuc/hfut_rm_auto_aim_ws/install/mindvision_camera/lib/libmindvision_camera.so[0m
[component_container_mt-4] [0m[INFO] [1774049692.294492704] [camera_detector_container]: Found class: rclcpp_components::NodeFactoryTemplate<mindvision_camera::MVCameraNode>[0m
[component_container_mt-4] [0m[INFO] [1774049692.294548072] [camera_detector_container]: Instantiate class: rclcpp_components::NodeFactoryTemplate<mindvision_camera::MVCameraNode>[0m
[component_container_mt-4] [0m[INFO] [1774049692.299250771] [mv_camera]: Starting MVCameraNode![0m
[INFO] [gimbal_pipeline_node-5]: process started with pid [6490]
[gimbal_pipeline_node-5] [0m[INFO] [1774049692.495221619] [gimbal_pipeline]: Initializing GimbalPipelineNode (unified pipeline)[0m
[gimbal_pipeline_node-5] [0m[INFO] [1774049692.500757727] [gimbal_pipeline]: Tracker parameters applied (smoother ON, outlier_filter ON [mad])[0m
[gimbal_pipeline_node-5] [0m[INFO] [1774049692.503472001] [gimbal_pipeline]: Selection strategy: MinYawDeviation[0m
[gimbal_pipeline_node-5] [0m[INFO] [1774049692.504250202] [gimbal_pipeline]: [GimbalController] selection_method: min_movement_with_radial[0m
[gimbal_pipeline_node-5] [0m[INFO] [1774049692.504298205] [gimbal_pipeline]: [GimbalController] adaptive_delay: ENABLED (init=0.0000 s, min=0.0000, max=0.1000, add_step=0.0050, mul=1.20, thresh=10, max_lin=3.0, max_ang=10.0)[0m
[gimbal_pipeline_node-5] [0m[INFO] [1774049692.504340874] [gimbal_pipeline]: [GimbalCmdFilter] clamp=ON(15.0°,10.0°) outlier=ON(8.0°,5.0°,max3) rate=ON(5.0°,3.0°) mean=ON(win=10) ema=ON(a=0.60) 1euro=ON(f=250,mc=0.05,b=0.1000)[0m
[gimbal_pipeline_node-5] [0m[INFO] [1774049692.510085237] [gimbal_pipeline]: GimbalPipelineNode initialized: target_frame=odom, control_rate=250 Hz, strategy=mpc, ballistic=local[0m
[gimbal_pipeline_node-5] Target not in tracking/temp_lost state, skipping MPC control.  
[gimbal_pipeline_node-5] Target not in tracking/temp_lost state, skipping MPC control.  
[gimbal_pipeline_node-5] Target not in tracking/temp_lost state, skipping MPC control.  
[gimbal_pipeline_node-5] Target not in tracking/temp_lost state, skipping MPC control.  
[gimbal_pipeline_node-5] Target not in tracking/temp_lost state, skipping MPC control.  
[gimbal_pipeline_node-5] Target not in tracking/temp_lost state, skipping MPC control.  
[gimbal_pipeline_node-5] Target not in tracking/temp_lost state, skipping MPC control.  
[gimbal_pipeline_node-5] Target not in tracking/temp_lost state, skipping MPC control.  
[gimbal_pipeline_node-5] Target not in tracking/temp_lost state, skipping MPC control.  
[gimbal_pipeline_node-5] Target not in tracking/temp_lost state, skipping MPC control.  
[gimbal_pipeline_node-5] Target not in tracking/temp_lost state, skipping MPC control.  
[gimbal_pipeline_node-5] Target not in tracking/temp_lost state, skipping MPC control.  
[gimbal_pipeline_node-5] Target not in tracking/temp_lost state, skipping MPC control.  
[gimbal_pipeline_node-5] Target not in tracking/temp_lost state, skipping MPC control.  
[gimbal_pipeline_node-5] Target not in tracking/temp_lost state, skipping MPC control.  
[gimbal_pipeline_node-5] Target not in tracking/temp_lost state, skipping MPC control.  
[gimbal_pipeline_node-5] Target not in tracking/temp_lost state, skipping MPC control.  
[gimbal_pipeline_node-5] Target not in tracking/temp_lost state, skipping MPC control.  
[gimbal_pipeline_node-5] Target not in tracking/temp_lost state, skipping MPC control.  
[gimbal_pipeline_node-5] Target not in tracking/temp_lost state, skipping MPC control.  
[gimbal_pipeline_node-5] Target not in tracking/temp_lost state, skipping MPC control.  
[gimbal_pipeline_node-5] Target not in tracking/temp_lost state, skipping MPC control.  
[gimbal_pipeline_node-5] Target not in tracking/temp_lost state, skipping MPC control.  
[gimbal_pipeline_node-5] Target not in tracking/temp_lost state, skipping MPC control.  
[gimbal_pipeline_node-5] Target not in tracking/temp_lost state, skipping MPC control.  
[gimbal_pipeline_node-5] Target not in tracking/temp_lost state, skipping MPC control.  
[gimbal_pipeline_node-5] Target not in tracking/temp_lost state, skipping MPC control.  
[gimbal_pipeline_node-5] Target not in tracking/temp_lost state, skipping MPC control.  
[gimbal_pipeline_node-5] Target not in tracking/temp_lost state, skipping MPC control.  
[gimbal_pipeline_node-5] Target not in tracking/temp_lost state, skipping MPC control.  
[gimbal_pipeline_node-5] Target not in tracking/temp_lost state, skipping MPC control.  
[gimbal_pipeline_node-5] Target not in tracking/temp_lost state, skipping MPC control.  
[gimbal_pipeline_node-5] Target not in tracking/temp_lost state, skipping MPC control.  
[gimbal_pipeline_node-5] Target not in tracking/temp_lost state, skipping MPC control.  
[gimbal_pipeline_node-5] Target not in tracking/temp_lost state, skipping MPC control.  
[gimbal_pipeline_node-5] Target not in tracking/temp_lost state, skipping MPC control.  
[gimbal_pipeline_node-5] Target not in tracking/temp_lost state, skipping MPC control.  
[gimbal_pipeline_node-5] Target not in tracking/temp_lost state, skipping MPC control.  
[gimbal_pipeline_node-5] Target not in tracking/temp_lost state, skipping MPC control.  
[gimbal_pipeline_node-5] [0m[INFO] [1774049692.660850419] [gimbal_pipeline]: GimbalPipeline enabled (mode=1)[0m
[gimbal_pipeline_node-5] Target not in tracking/temp_lost state, skipping MPC control.  
[gimbal_pipeline_node-5] Target not in tracking/temp_lost state, skipping MPC control.  
[gimbal_pipeline_node-5] Target not in tracking/temp_lost state, skipping MPC control.  
[gimbal_pipeline_node-5] Target not in tracking/temp_lost state, skipping MPC control.  
[gimbal_pipeline_node-5] Target not in tracking/temp_lost state, skipping MPC control.  
[gimbal_pipeline_node-5] Target not in tracking/temp_lost state, skipping MPC control.  
[gimbal_pipeline_node-5] Target not in tracking/temp_lost state, skipping MPC control.  
[gimbal_pipeline_node-5] Target not in tracking/temp_lost state, skipping MPC control.  
[gimbal_pipeline_node-5] Target not in tracking/temp_lost state, skipping MPC control.  
[gimbal_pipeline_node-5] Target not in tracking/temp_lost state, skipping MPC control.  
[gimbal_pipeline_node-5] Target not in tracking/temp_lost state, skipping MPC control.  
[gimbal_pipeline_node-5] Target not in tracking/temp_lost state, skipping MPC control.  
[gimbal_pipeline_node-5] Target not in tracking/temp_lost state, skipping MPC control.  
[gimbal_pipeline_node-5] Target not in tracking/temp_lost state, skipping MPC control.  
[gimbal_pipeline_node-5] Target not in tracking/temp_lost state, skipping MPC control.  
[gimbal_pipeline_node-5] Target not in tracking/temp_lost state, skipping MPC control.  
[gimbal_pipeline_node-5] Target not in tracking/temp_lost state, skipping MPC control.  
[gimbal_pipeline_node-5] Target not in tracking/temp_lost state, skipping MPC control.  
[gimbal_pipeline_node-5] Target not in tracking/temp_lost state, skipping MPC control.  
[gimbal_pipeline_node-5] Target not in tracking/temp_lost state, skipping MPC control.  
[gimbal_pipeline_node-5] Target not in tracking/temp_lost state, skipping MPC control.  
[gimbal_pipeline_node-5] Target not in tracking/temp_lost state, skipping MPC control.  
[gimbal_pipeline_node-5] Target not in tracking/temp_lost state, skipping MPC control.  
[gimbal_pipeline_node-5] Target not in tracking/temp_lost state, skipping MPC control.  
[gimbal_pipeline_node-5] Target not in tracking/temp_lost state, skipping MPC control.  
[gimbal_pipeline_node-5] Target not in tracking/temp_lost state, skipping MPC control.  
[gimbal_pipeline_node-5] Target not in tracking/temp_lost state, skipping MPC control.  
[gimbal_pipeline_node-5] Target not in tracking/temp_lost state, skipping MPC control.  
[gimbal_pipeline_node-5] Target not in tracking/temp_lost state, skipping MPC control.  
[gimbal_pipeline_node-5] Target not in tracking/temp_lost state, skipping MPC control.  
[gimbal_pipeline_node-5] Target not in tracking/temp_lost state, skipping MPC control.  
[gimbal_pipeline_node-5] Target not in tracking/temp_lost state, skipping MPC control.  
[gimbal_pipeline_node-5] Target not in tracking/temp_lost state, skipping MPC control.  
[gimbal_pipeline_node-5] Target not in tracking/temp_lost state, skipping MPC control.  
[gimbal_pipeline_node-5] Target not in tracking/temp_lost state, skipping MPC control.  
[gimbal_pipeline_node-5] Target not in tracking/temp_lost state, skipping MPC control.  
[gimbal_pipeline_node-5] Target not in tracking/temp_lost state, skipping MPC control.  
[gimbal_pipeline_node-5] Target not in tracking/temp_lost state, skipping MPC control.  
[gimbal_pipeline_node-5] Target not in tracking/temp_lost state, skipping MPC control.  
[gimbal_pipeline_node-5] Target not in tracking/temp_lost state, skipping MPC control.  
[gimbal_pipeline_node-5] Target not in tracking/temp_lost state, skipping MPC control.  
[gimbal_pipeline_node-5] Target not in tracking/temp_lost state, skipping MPC control.  
[gimbal_pipeline_node-5] Target not in tracking/temp_lost state, skipping MPC control.  
[gimbal_pipeline_node-5] Target not in tracking/temp_lost state, skipping MPC control.  
[gimbal_pipeline_node-5] Target not in tracking/temp_lost state, skipping MPC control.  
[gimbal_pipeline_node-5] Target not in tracking/temp_lost state, skipping MPC control.  
[gimbal_pipeline_node-5] Target not in tracking/temp_lost state, skipping MPC control.  
[gimbal_pipeline_node-5] Target not in tracking/temp_lost state, skipping MPC control.  
[gimbal_pipeline_node-5] Target not in tracking/temp_lost state, skipping MPC control.  
[gimbal_pipeline_node-5] Target not in tracking/temp_lost state, skipping MPC control.  
[gimbal_pipeline_node-5] Target not in tracking/temp_lost state, skipping MPC control.  
[gimbal_pipeline_node-5] Target not in tracking/temp_lost state, skipping MPC control.  
[gimbal_pipeline_node-5] Target not in tracking/temp_lost state, skipping MPC control.  
[gimbal_pipeline_node-5] Target not in tracking/temp_lost state, skipping MPC control.  
[gimbal_pipeline_node-5] Target not in tracking/temp_lost state, skipping MPC control.  
[gimbal_pipeline_node-5] Target not in tracking/temp_lost state, skipping MPC control.  
[gimbal_pipeline_node-5] Target not in tracking/temp_lost state, skipping MPC control.  
[gimbal_pipeline_node-5] Target not in tracking/temp_lost state, skipping MPC control.  
[gimbal_pipeline_node-5] Target not in tracking/temp_lost state, skipping MPC control.  
[gimbal_pipeline_node-5] Target not in tracking/temp_lost state, skipping MPC control.  
[gimbal_pipeline_node-5] Target not in tracking/temp_lost state, skipping MPC control.  
[gimbal_pipeline_node-5] Target not in tracking/temp_lost state, skipping MPC control.  
[gimbal_pipeline_node-5] Target not in tracking/temp_lost state, skipping MPC control.  
[gimbal_pipeline_node-5] Target not in tracking/temp_lost state, skipping MPC control.  
[gimbal_pipeline_node-5] Target not in tracking/temp_lost state, skipping MPC control.  
[gimbal_pipeline_node-5] Target not in tracking/temp_lost state, skipping MPC control.  
[gimbal_pipeline_node-5] Target not in tracking/temp_lost state, skipping MPC control.  
[gimbal_pipeline_node-5] Target not in tracking/temp_lost state, skipping MPC control.  
[gimbal_pipeline_node-5] Target not in tracking/temp_lost state, skipping MPC control.  
[gimbal_pipeline_node-5] Target not in tracking/temp_lost state, skipping MPC control.  
[gimbal_pipeline_node-5] Target not in tracking/temp_lost state, skipping MPC control.  
[gimbal_pipeline_node-5] Target not in tracking/temp_lost state, skipping MPC control.  
[gimbal_pipeline_node-5] Target not in tracking/temp_lost state, skipping MPC control.  
[gimbal_pipeline_node-5] Target not in tracking/temp_lost state, skipping MPC control.  
[gimbal_pipeline_node-5] Target not in tracking/temp_lost state, skipping MPC control.  
[gimbal_pipeline_node-5] Target not in tracking/temp_lost state, skipping MPC control.  
[gimbal_pipeline_node-5] Target not in tracking/temp_lost state, skipping MPC control.  
[gimbal_pipeline_node-5] Target not in tracking/temp_lost state, skipping MPC control.  
[gimbal_pipeline_node-5] Target not in tracking/temp_lost state, skipping MPC control.  
[gimbal_pipeline_node-5] Target not in tracking/temp_lost state, skipping MPC control.  
[gimbal_pipeline_node-5] Target not in tracking/temp_lost state, skipping MPC control.  
[gimbal_pipeline_node-5] Target not in tracking/temp_lost state, skipping MPC control.  
[gimbal_pipeline_node-5] Target not in tracking/temp_lost state, skipping MPC control.  
[gimbal_pipeline_node-5] Target not in tracking/temp_lost state, skipping MPC control.  
[gimbal_pipeline_node-5] Target not in tracking/temp_lost state, skipping MPC control.  
[gimbal_pipeline_node-5] Target not in tracking/temp_lost state, skipping MPC control.  
[gimbal_pipeline_node-5] Target not in tracking/temp_lost state, skipping MPC control.  
[gimbal_pipeline_node-5] Target not in tracking/temp_lost state, skipping MPC control.  
[gimbal_pipeline_node-5] Target not in tracking/temp_lost state, skipping MPC control.  
[gimbal_pipeline_node-5] Target not in tracking/temp_lost state, skipping MPC control.  
[gimbal_pipeline_node-5] Target not in tracking/temp_lost state, skipping MPC control.  
[gimbal_pipeline_node-5] Target not in tracking/temp_lost state, skipping MPC control.  
[gimbal_pipeline_node-5] Target not in tracking/temp_lost state, skipping MPC control.  
[gimbal_pipeline_node-5] Target not in tracking/temp_lost state, skipping MPC control.  
[gimbal_pipeline_node-5] Target not in tracking/temp_lost state, skipping MPC control.  
[gimbal_pipeline_node-5] Target not in tracking/temp_lost state, skipping MPC control.  
[gimbal_pipeline_node-5] Target not in tracking/temp_lost state, skipping MPC control.  
[gimbal_pipeline_node-5] Target not in tracking/temp_lost state, skipping MPC control.  
[gimbal_pipeline_node-5] Target not in tracking/temp_lost state, skipping MPC control.  
[gimbal_pipeline_node-5] Target not in tracking/temp_lost state, skipping MPC control.  
[gimbal_pipeline_node-5] Target not in tracking/temp_lost state, skipping MPC control.  
[gimbal_pipeline_node-5] Target not in tracking/temp_lost state, skipping MPC control.  
[gimbal_pipeline_node-5] Target not in tracking/temp_lost state, skipping MPC control.  
[gimbal_pipeline_node-5] Target not in tracking/temp_lost state, skipping MPC control.  
[gimbal_pipeline_node-5] Target not in tracking/temp_lost state, skipping MPC control.  
[gimbal_pipeline_node-5] Target not in tracking/temp_lost state, skipping MPC control.  
[gimbal_pipeline_node-5] Target not in tracking/temp_lost state, skipping MPC control.  
[gimbal_pipeline_node-5] Target not in tracking/temp_lost state, skipping MPC control.  
[gimbal_pipeline_node-5] Target not in tracking/temp_lost state, skipping MPC control.  
[gimbal_pipeline_node-5] Target not in tracking/temp_lost state, skipping MPC control.  
[gimbal_pipeline_node-5] Target not in tracking/temp_lost state, skipping MPC control.  
[gimbal_pipeline_node-5] Target not in tracking/temp_lost state, skipping MPC control.  
[gimbal_pipeline_node-5] Target not in tracking/temp_lost state, skipping MPC control.  
[gimbal_pipeline_node-5] Target not in tracking/temp_lost state, skipping MPC control.  
[gimbal_pipeline_node-5] Target not in tracking/temp_lost state, skipping MPC control.  
[gimbal_pipeline_node-5] Target not in tracking/temp_lost state, skipping MPC control.  
[gimbal_pipeline_node-5] Target not in tracking/temp_lost state, skipping MPC control.  
[gimbal_pipeline_node-5] Target not in tracking/temp_lost state, skipping MPC control.  
[gimbal_pipeline_node-5] Target not in tracking/temp_lost state, skipping MPC control.  
[gimbal_pipeline_node-5] Target not in tracking/temp_lost state, skipping MPC control.  
[gimbal_pipeline_node-5] Target not in tracking/temp_lost state, skipping MPC control.  
[gimbal_pipeline_node-5] Target not in tracking/temp_lost state, skipping MPC control.  
[component_container_mt-4] [0m[INFO] [1774049693.133443939] [mv_camera]: Enumerate state = 0[0m
[component_container_mt-4] [0m[INFO] [1774049693.133491371] [mv_camera]: Found camera count = 1[0m
[component_container_mt-4] [0m[INFO] [1774049693.133838590] [mv_camera]: No camera_sn specified, using first camera: rmbubing (SN: 042001320585)[0m
[gimbal_pipeline_node-5] Target not in tracking/temp_lost state, skipping MPC control.  
[gimbal_pipeline_node-5] Target not in tracking/temp_lost state, skipping MPC control.  
[gimbal_pipeline_node-5] Target not in tracking/temp_lost state, skipping MPC control.  
[gimbal_pipeline_node-5] Target not in tracking/temp_lost state, skipping MPC control.  
[gimbal_pipeline_node-5] Target not in tracking/temp_lost state, skipping MPC control.  
[gimbal_pipeline_node-5] Target not in tracking/temp_lost state, skipping MPC control.  
[gimbal_pipeline_node-5] Target not in tracking/temp_lost state, skipping MPC control.  
[gimbal_pipeline_node-5] Target not in tracking/temp_lost state, skipping MPC control.  
[gimbal_pipeline_node-5] Target not in tracking/temp_lost state, skipping MPC control.  
[gimbal_pipeline_node-5] Target not in tracking/temp_lost state, skipping MPC control.  
[gimbal_pipeline_node-5] Target not in tracking/temp_lost state, skipping MPC control.  
[gimbal_pipeline_node-5] Target not in tracking/temp_lost state, skipping MPC control.  
[gimbal_pipeline_node-5] Target not in tracking/temp_lost state, skipping MPC control.  
[gimbal_pipeline_node-5] Target not in tracking/temp_lost state, skipping MPC control.  
[gimbal_pipeline_node-5] Target not in tracking/temp_lost state, skipping MPC control.  
[gimbal_pipeline_node-5] Target not in tracking/temp_lost state, skipping MPC control.  
[gimbal_pipeline_node-5] Target not in tracking/temp_lost state, skipping MPC control.  
[gimbal_pipeline_node-5] Target not in tracking/temp_lost state, skipping MPC control.  
[gimbal_pipeline_node-5] Target not in tracking/temp_lost state, skipping MPC control.  
[gimbal_pipeline_node-5] Target not in tracking/temp_lost state, skipping MPC control.  
[gimbal_pipeline_node-5] Target not in tracking/temp_lost state, skipping MPC control.  
[gimbal_pipeline_node-5] Target not in tracking/temp_lost state, skipping MPC control.  
[gimbal_pipeline_node-5] Target not in tracking/temp_lost state, skipping MPC control.  
[gimbal_pipeline_node-5] Target not in tracking/temp_lost state, skipping MPC control.  
[gimbal_pipeline_node-5] Target not in tracking/temp_lost state, skipping MPC control.  
[gimbal_pipeline_node-5] Target not in tracking/temp_lost state, skipping MPC control.  
[gimbal_pipeline_node-5] Target not in tracking/temp_lost state, skipping MPC control.  
[gimbal_pipeline_node-5] Target not in tracking/temp_lost state, skipping MPC control.  
[gimbal_pipeline_node-5] Target not in tracking/temp_lost state, skipping MPC control.  
[gimbal_pipeline_node-5] Target not in tracking/temp_lost state, skipping MPC control.  
[gimbal_pipeline_node-5] Target not in tracking/temp_lost state, skipping MPC control.  
[gimbal_pipeline_node-5] Target not in tracking/temp_lost state, skipping MPC control.  
[gimbal_pipeline_node-5] Target not in tracking/temp_lost state, skipping MPC control.  
[gimbal_pipeline_node-5] Target not in tracking/temp_lost state, skipping MPC control.  
[gimbal_pipeline_node-5] Target not in tracking/temp_lost state, skipping MPC control.  
[gimbal_pipeline_node-5] Target not in tracking/temp_lost state, skipping MPC control.  
[gimbal_pipeline_node-5] Target not in tracking/temp_lost state, skipping MPC control.  
[gimbal_pipeline_node-5] Target not in tracking/temp_lost state, skipping MPC control.  
[gimbal_pipeline_node-5] Target not in tracking/temp_lost state, skipping MPC control.  
[gimbal_pipeline_node-5] Target not in tracking/temp_lost state, skipping MPC control.  
[gimbal_pipeline_node-5] Target not in tracking/temp_lost state, skipping MPC control.  
[gimbal_pipeline_node-5] Target not in tracking/temp_lost state, skipping MPC control.  
[gimbal_pipeline_node-5] Target not in tracking/temp_lost state, skipping MPC control.  
[gimbal_pipeline_node-5] Target not in tracking/temp_lost state, skipping MPC control.  
[gimbal_pipeline_node-5] Target not in tracking/temp_lost state, skipping MPC control.  
[gimbal_pipeline_node-5] Target not in tracking/temp_lost state, skipping MPC control.  
[gimbal_pipeline_node-5] Target not in tracking/temp_lost state, skipping MPC control.  
[gimbal_pipeline_node-5] Target not in tracking/temp_lost state, skipping MPC control.  
[gimbal_pipeline_node-5] Target not in tracking/temp_lost state, skipping MPC control.  
[gimbal_pipeline_node-5] Target not in tracking/temp_lost state, skipping MPC control.  
[gimbal_pipeline_node-5] Target not in tracking/temp_lost state, skipping MPC control.  
[gimbal_pipeline_node-5] Target not in tracking/temp_lost state, skipping MPC control.  
[gimbal_pipeline_node-5] Target not in tracking/temp_lost state, skipping MPC control.  
[gimbal_pipeline_node-5] Target not in tracking/temp_lost state, skipping MPC control.  
[gimbal_pipeline_node-5] Target not in tracking/temp_lost state, skipping MPC control.  
[gimbal_pipeline_node-5] Target not in tracking/temp_lost state, skipping MPC control.  
[gimbal_pipeline_node-5] Target not in tracking/temp_lost state, skipping MPC control.  
[gimbal_pipeline_node-5] Target not in tracking/temp_lost state, skipping MPC control.  
[gimbal_pipeline_node-5] Target not in tracking/temp_lost state, skipping MPC control.  
[gimbal_pipeline_node-5] Target not in tracking/temp_lost state, skipping MPC control.  
[gimbal_pipeline_node-5] Target not in tracking/temp_lost state, skipping MPC control.  
[gimbal_pipeline_node-5] Target not in tracking/temp_lost state, skipping MPC control.  
[gimbal_pipeline_node-5] Target not in tracking/temp_lost state, skipping MPC control.  
[gimbal_pipeline_node-5] Target not in tracking/temp_lost state, skipping MPC control.  
[gimbal_pipeline_node-5] Target not in tracking/temp_lost state, skipping MPC control.  
[gimbal_pipeline_node-5] Target not in tracking/temp_lost state, skipping MPC control.  
[gimbal_pipeline_node-5] Target not in tracking/temp_lost state, skipping MPC control.  
[gimbal_pipeline_node-5] Target not in tracking/temp_lost state, skipping MPC control.  
[gimbal_pipeline_node-5] Target not in tracking/temp_lost state, skipping MPC control.  
[gimbal_pipeline_node-5] Target not in tracking/temp_lost state, skipping MPC control.  
[gimbal_pipeline_node-5] Target not in tracking/temp_lost state, skipping MPC control.  
[gimbal_pipeline_node-5] Target not in tracking/temp_lost state, skipping MPC control.  
[gimbal_pipeline_node-5] Target not in tracking/temp_lost state, skipping MPC control.  
[gimbal_pipeline_node-5] Target not in tracking/temp_lost state, skipping MPC control.  
[gimbal_pipeline_node-5] Target not in tracking/temp_lost state, skipping MPC control.  
[gimbal_pipeline_node-5] Target not in tracking/temp_lost state, skipping MPC control.  
[gimbal_pipeline_node-5] Target not in tracking/temp_lost state, skipping MPC control.  
[gimbal_pipeline_node-5] Target not in tracking/temp_lost state, skipping MPC control.  
[gimbal_pipeline_node-5] Target not in tracking/temp_lost state, skipping MPC control.  
[gimbal_pipeline_node-5] Target not in tracking/temp_lost state, skipping MPC control.  
[gimbal_pipeline_node-5] Target not in tracking/temp_lost state, skipping MPC control.  
[gimbal_pipeline_node-5] Target not in tracking/temp_lost state, skipping MPC control.  
[gimbal_pipeline_node-5] Target not in tracking/temp_lost state, skipping MPC control.  
[gimbal_pipeline_node-5] Target not in tracking/temp_lost state, skipping MPC control.  
[gimbal_pipeline_node-5] Target not in tracking/temp_lost state, skipping MPC control.  
[gimbal_pipeline_node-5] Target not in tracking/temp_lost state, skipping MPC control.  
[gimbal_pipeline_node-5] Target not in tracking/temp_lost state, skipping MPC control.  
[gimbal_pipeline_node-5] Target not in tracking/temp_lost state, skipping MPC control.  
[gimbal_pipeline_node-5] Target not in tracking/temp_lost state, skipping MPC control.  
[gimbal_pipeline_node-5] Target not in tracking/temp_lost state, skipping MPC control.  
[gimbal_pipeline_node-5] Target not in tracking/temp_lost state, skipping MPC control.  
[gimbal_pipeline_node-5] Target not in tracking/temp_lost state, skipping MPC control.  
[gimbal_pipeline_node-5] Target not in tracking/temp_lost state, skipping MPC control.  
[gimbal_pipeline_node-5] Target not in tracking/temp_lost state, skipping MPC control.  
[gimbal_pipeline_node-5] Target not in tracking/temp_lost state, skipping MPC control.  
[component_container_mt-4] [0m[INFO] [1774049693.501476381] [mv_camera]: Init state = 0[0m
[gimbal_pipeline_node-5] Target not in tracking/temp_lost state, skipping MPC control.  
[component_container_mt-4] [0m[INFO] [1774049693.505112013] [mv_camera]: Exposure time = 2000.000000[0m
[component_container_mt-4] [0m[INFO] [1774049693.506301608] [mv_camera]: Analog gain = 64[0m
[component_container_mt-4] [0m[INFO] [1774049693.507699932] [mv_camera]: RGB Gain: R = 100[0m
[component_container_mt-4] [0m[INFO] [1774049693.507724162] [mv_camera]: RGB Gain: G = 100[0m
[component_container_mt-4] [0m[INFO] [1774049693.507728481] [mv_camera]: RGB Gain: B = 100[0m
[gimbal_pipeline_node-5] Target not in tracking/temp_lost state, skipping MPC control.  
[component_container_mt-4] [0m[INFO] [1774049693.508646507] [mv_camera]: Saturation = 100[0m
[component_container_mt-4] [0m[INFO] [1774049693.510274920] [mv_camera]: Gamma = 100[0m
[component_container_mt-4] [0m[INFO] [1774049693.510668860] [mv_camera]: CameraSetFrameRate not supported, using CameraSetFrameSpeed instead[0m
[gimbal_pipeline_node-5] Target not in tracking/temp_lost state, skipping MPC control.  
[gimbal_pipeline_node-5] Target not in tracking/temp_lost state, skipping MPC control.  
[gimbal_pipeline_node-5] Target not in tracking/temp_lost state, skipping MPC control.  
[gimbal_pipeline_node-5] Target not in tracking/temp_lost state, skipping MPC control.  
[gimbal_pipeline_node-5] Target not in tracking/temp_lost state, skipping MPC control.  
[gimbal_pipeline_node-5] Target not in tracking/temp_lost state, skipping MPC control.  
[component_container_mt-4] [0m[INFO] [1774049693.532139496] [mv_camera]: Frame speed = 1 (Normal)[0m
[component_container_mt-4] [0m[INFO] [1774049693.532644131] [mv_camera]: Using camera default resolution[0m
[component_container_mt-4] [0m[INFO] [1774049693.533017187] [mv_camera]: frame_id = camera_optical_frame[0m
[gimbal_pipeline_node-5] Target not in tracking/temp_lost state, skipping MPC control.  
[gimbal_pipeline_node-5] Target not in tracking/temp_lost state, skipping MPC control.  
[gimbal_pipeline_node-5] Target not in tracking/temp_lost state, skipping MPC control.  
[gimbal_pipeline_node-5] Target not in tracking/temp_lost state, skipping MPC control.  
[gimbal_pipeline_node-5] Target not in tracking/temp_lost state, skipping MPC control.  
[gimbal_pipeline_node-5] Target not in tracking/temp_lost state, skipping MPC control.  
[gimbal_pipeline_node-5] Target not in tracking/temp_lost state, skipping MPC control.  
[gimbal_pipeline_node-5] Target not in tracking/temp_lost state, skipping MPC control.  
[gimbal_pipeline_node-5] Target not in tracking/temp_lost state, skipping MPC control.  
[gimbal_pipeline_node-5] Target not in tracking/temp_lost state, skipping MPC control.  
[gimbal_pipeline_node-5] Target not in tracking/temp_lost state, skipping MPC control.  
[gimbal_pipeline_node-5] Target not in tracking/temp_lost state, skipping MPC control.  
[gimbal_pipeline_node-5] Target not in tracking/temp_lost state, skipping MPC control.  
[gimbal_pipeline_node-5] Target not in tracking/temp_lost state, skipping MPC control.  
[gimbal_pipeline_node-5] Target not in tracking/temp_lost state, skipping MPC control.  
[gimbal_pipeline_node-5] Target not in tracking/temp_lost state, skipping MPC control.  
[gimbal_pipeline_node-5] Target not in tracking/temp_lost state, skipping MPC control.  
[gimbal_pipeline_node-5] Target not in tracking/temp_lost state, skipping MPC control.  
[component_container_mt-4] [0m[INFO] [1774049693.602578977] [mv_camera]: camera calibration URL: package://rm_bringup/config/camera_info.yaml[0m
[component_container_mt-4] [33m[WARN] [1774049693.603300425] [mv_camera]: [mv_camera] does not match narrow_stereo in file /home/hfut-nuc/hfut_rm_auto_aim_ws/install/rm_bringup/share/rm_bringup/config/camera_info.yaml[0m
[component_container_mt-4] [0m[INFO] [1774049693.603482409] [mv_camera]: Publishing image![0m
[INFO] [launch_ros.actions.load_composable_nodes]: Loaded node '/mv_camera' in container '/camera_detector_container'
[component_container_mt-4] [0m[INFO] [1774049693.605285127] [camera_detector_container]: Load Library: /home/hfut-nuc/hfut_rm_auto_aim_ws/install/armor_detector/lib/libarmor_detector.so[0m
[gimbal_pipeline_node-5] Target not in tracking/temp_lost state, skipping MPC control.  
[gimbal_pipeline_node-5] Target not in tracking/temp_lost state, skipping MPC control.  
[gimbal_pipeline_node-5] [0m[INFO] [1774049693.612866923] [gimbal_pipeline]: [FOV] camera_info received: fov_yaw=24.0° fov_pitch=19.3° (fx=3006.1 fy=3003.8 1280x1024)[0m
[gimbal_pipeline_node-5] Target not in tracking/temp_lost state, skipping MPC control.  
[component_container_mt-4] [0m[INFO] [1774049693.614176402] [camera_detector_container]: Found class: rclcpp_components::NodeFactoryTemplate<fyt::auto_aim::ArmorDetectorNode>[0m
[component_container_mt-4] [0m[INFO] [1774049693.614231083] [camera_detector_container]: Instantiate class: rclcpp_components::NodeFactoryTemplate<fyt::auto_aim::ArmorDetectorNode>[0m
[gimbal_pipeline_node-5] Target not in tracking/temp_lost state, skipping MPC control.  
[gimbal_pipeline_node-5] Target not in tracking/temp_lost state, skipping MPC control.  
[gimbal_pipeline_node-5] Target not in tracking/temp_lost state, skipping MPC control.  
[component_container_mt-4] [38;2;255;255;255m[INFO]  [armor_detector]  [2026-03-21 07:34:53] : Starting ArmorDetectorNode!
[gimbal_pipeline_node-5] Target not in tracking/temp_lost state, skipping MPC control.  
[gimbal_pipeline_node-5] Target not in tracking/temp_lost state, skipping MPC control.  
[gimbal_pipeline_node-5] Target not in tracking/temp_lost state, skipping MPC control.  
[gimbal_pipeline_node-5] Target not in tracking/temp_lost state, skipping MPC control.  
[gimbal_pipeline_node-5] Target not in tracking/temp_lost state, skipping MPC control.  
[gimbal_pipeline_node-5] Target not in tracking/temp_lost state, skipping MPC control.  
[gimbal_pipeline_node-5] Target not in tracking/temp_lost state, skipping MPC control.  
[gimbal_pipeline_node-5] Target not in tracking/temp_lost state, skipping MPC control.  
[gimbal_pipeline_node-5] Target not in tracking/temp_lost state, skipping MPC control.  
[gimbal_pipeline_node-5] Target not in tracking/temp_lost state, skipping MPC control.  
[gimbal_pipeline_node-5] Target not in tracking/temp_lost state, skipping MPC control.  
[gimbal_pipeline_node-5] Target not in tracking/temp_lost state, skipping MPC control.  
[gimbal_pipeline_node-5] Target not in tracking/temp_lost state, skipping MPC control.  
[component_container_mt-4] [0m[38;2;255;255;255m[INFO]  [armor_detector]  [2026-03-21 07:34:53] : ArmorDetectorNode started!
[INFO] [launch_ros.actions.load_composable_nodes]: Loaded node '/armor_detector' in container '/camera_detector_container'
[gimbal_pipeline_node-5] Target not in tracking/temp_lost state, skipping MPC control.  
[component_container_mt-4] [0m[38;2;128;128;128m[DEBUG]  [armor_detector]  [2026-03-21 07:34:53] : Image frame_id: camera_optical_frame, odom_frame: odom
[gimbal_pipeline_node-5] Target not in tracking/temp_lost state, skipping MPC control.  
[gimbal_pipeline_node-5] Target not in tracking/temp_lost state, skipping MPC control.  
[component_container_mt-4] [0m[38;2;255;255;000m[WARN]  [armor_detector]  [2026-03-21 07:34:53] : PnP Failed!
[gimbal_pipeline_node-5] Target not in tracking/temp_lost state, skipping MPC control.  
[gimbal_pipeline_node-5] Target not in tracking/temp_lost state, skipping MPC control.  
[gimbal_pipeline_node-5] Target not in tracking/temp_lost state, skipping MPC control.  
[gimbal_pipeline_node-5] Target not in tracking/temp_lost state, skipping MPC control.  
[component_container_mt-4] [0m[38;2;128;128;128m[DEBUG]  [armor_detector]  [2026-03-21 07:34:53] : Image frame_id: camera_optical_frame, odom_frame: odom
[gimbal_pipeline_node-5] Target not in tracking/temp_lost state, skipping MPC control.  
[gimbal_pipeline_node-5] Target not in tracking/temp_lost state, skipping MPC control.  
[component_container_mt-4] [0m[38;2;128;128;128m[DEBUG]  [armor_detector]  [2026-03-21 07:34:53] : Image frame_id: camera_optical_frame, odom_frame: odom
[gimbal_pipeline_node-5] Target not in tracking/temp_lost state, skipping MPC control.  
[gimbal_pipeline_node-5] Target not in tracking/temp_lost state, skipping MPC control.  
[gimbal_pipeline_node-5] Target not in tracking/temp_lost state, skipping MPC control.  
[component_container_mt-4] [0m[38;2;128;128;128m[DEBUG]  [armor_detector]  [2026-03-21 07:34:53] : Image frame_id: camera_optical_frame, odom_frame: odom
[gimbal_pipeline_node-5] Target not in tracking/temp_lost state, skipping MPC control.  
[gimbal_pipeline_node-5] Target not in tracking/temp_lost state, skipping MPC control.  
[gimbal_pipeline_node-5] Target not in tracking/temp_lost state, skipping MPC control.  
[gimbal_pipeline_node-5] Target not in tracking/temp_lost state, skipping MPC control.  
[component_container_mt-4] [0m[38;2;128;128;128m[DEBUG]  [armor_detector]  [2026-03-21 07:34:53] : Image frame_id: camera_optical_frame, odom_frame: odom
[gimbal_pipeline_node-5] Target not in tracking/temp_lost state, skipping MPC control.  
[gimbal_pipeline_node-5] Target not in tracking/temp_lost state, skipping MPC control.  
[gimbal_pipeline_node-5] Target not in tracking/temp_lost state, skipping MPC control.  
[gimbal_pipeline_node-5] Target not in tracking/temp_lost state, skipping MPC control.  
[component_container_mt-4] [0m[38;2;128;128;128m[DEBUG]  [armor_detector]  [2026-03-21 07:34:53] : Image frame_id: camera_optical_frame, odom_frame: odom
[gimbal_pipeline_node-5] Target not in tracking/temp_lost state, skipping MPC control.  
[gimbal_pipeline_node-5] Target not in tracking/temp_lost state, skipping MPC control.  
[gimbal_pipeline_node-5] Target not in tracking/temp_lost state, skipping MPC control.  
[component_container_mt-4] [0m[38;2;128;128;128m[DEBUG]  [armor_detector]  [2026-03-21 07:34:53] : Image frame_id: camera_optical_frame, odom_frame: odom
[gimbal_pipeline_node-5] Target not in tracking/temp_lost state, skipping MPC control.  
[gimbal_pipeline_node-5] Target not in tracking/temp_lost state, skipping MPC control.  
[gimbal_pipeline_node-5] Target not in tracking/temp_lost state, skipping MPC control.  
[gimbal_pipeline_node-5] Target not in tracking/temp_lost state, skipping MPC control.  
[gimbal_pipeline_node-5] Target not in tracking/temp_lost state, skipping MPC control.  
[component_container_mt-4] [0m[38;2;128;128;128m[DEBUG]  [armor_detector]  [2026-03-21 07:34:53] : Image frame_id: camera_optical_frame, odom_frame: odom
[gimbal_pipeline_node-5] Target not in tracking/temp_lost state, skipping MPC control.  
[gimbal_pipeline_node-5] Target not in tracking/temp_lost state, skipping MPC control.  
[component_container_mt-4] [0m[38;2;128;128;128m[DEBUG]  [armor_detector]  [2026-03-21 07:34:53] : Image frame_id: camera_optical_frame, odom_frame: odom
[gimbal_pipeline_node-5] Target not in tracking/temp_lost state, skipping MPC control.  
[gimbal_pipeline_node-5] Target not in tracking/temp_lost state, skipping MPC control.  
[gimbal_pipeline_node-5] Target not in tracking/temp_lost state, skipping MPC control.  
[gimbal_pipeline_node-5] Target not in tracking/temp_lost state, skipping MPC control.  
[gimbal_pipeline_node-5] Target not in tracking/temp_lost state, skipping MPC control.  
[component_container_mt-4] [0m[38;2;128;128;128m[DEBUG]  [armor_detector]  [2026-03-21 07:34:53] : Image frame_id: camera_optical_frame, odom_frame: odom
[gimbal_pipeline_node-5] Target not in tracking/temp_lost state, skipping MPC control.  
[gimbal_pipeline_node-5] Target not in tracking/temp_lost state, skipping MPC control.  
[component_container_mt-4] [0m[38;2;128;128;128m[DEBUG]  [armor_detector]  [2026-03-21 07:34:53] : Image frame_id: camera_optical_frame, odom_frame: odom
[gimbal_pipeline_node-5] Target not in tracking/temp_lost state, skipping MPC control.  
[gimbal_pipeline_node-5] Target not in tracking/temp_lost state, skipping MPC control.  
[gimbal_pipeline_node-5] Target not in tracking/temp_lost state, skipping MPC control.  
[gimbal_pipeline_node-5] Target not in tracking/temp_lost state, skipping MPC control.  
[gimbal_pipeline_node-5] Target not in tracking/temp_lost state, skipping MPC control.  
[component_container_mt-4] [0m[38;2;128;128;128m[DEBUG]  [armor_detector]  [2026-03-21 07:34:53] : Image frame_id: camera_optical_frame, odom_frame: odom
[gimbal_pipeline_node-5] Target not in tracking/temp_lost state, skipping MPC control.  
[gimbal_pipeline_node-5] Target not in tracking/temp_lost state, skipping MPC control.  
[gimbal_pipeline_node-5] Target not in tracking/temp_lost state, skipping MPC control.  
[gimbal_pipeline_node-5] Target not in tracking/temp_lost state, skipping MPC control.  
[gimbal_pipeline_node-5] Target not in tracking/temp_lost state, skipping MPC control.  
[component_container_mt-4] [0m[38;2;128;128;128m[DEBUG]  [armor_detector]  [2026-03-21 07:34:53] : Image frame_id: camera_optical_frame, odom_frame: odom
[gimbal_pipeline_node-5] Target not in tracking/temp_lost state, skipping MPC control.  
[gimbal_pipeline_node-5] Target not in tracking/temp_lost state, skipping MPC control.  
[component_container_mt-4] [0m[38;2;128;128;128m[DEBUG]  [armor_detector]  [2026-03-21 07:34:53] : Image frame_id: camera_optical_frame, odom_frame: odom
[gimbal_pipeline_node-5] Target not in tracking/temp_lost state, skipping MPC control.  
[gimbal_pipeline_node-5] Target not in tracking/temp_lost state, skipping MPC control.  
[gimbal_pipeline_node-5] Target not in tracking/temp_lost state, skipping MPC control.  
[gimbal_pipeline_node-5] Target not in tracking/temp_lost state, skipping MPC control.  
[gimbal_pipeline_node-5] Target not in tracking/temp_lost state, skipping MPC control.  
[component_container_mt-4] [0m[38;2;128;128;128m[DEBUG]  [armor_detector]  [2026-03-21 07:34:53] : Image frame_id: camera_optical_frame, odom_frame: odom
[gimbal_pipeline_node-5] Target not in tracking/temp_lost state, skipping MPC control.  
[gimbal_pipeline_node-5] Target not in tracking/temp_lost state, skipping MPC control.  
[component_container_mt-4] [0m[38;2;128;128;128m[DEBUG]  [armor_detector]  [2026-03-21 07:34:53] : Image frame_id: camera_optical_frame, odom_frame: odom
[gimbal_pipeline_node-5] Target not in tracking/temp_lost state, skipping MPC control.  
[gimbal_pipeline_node-5] Target not in tracking/temp_lost state, skipping MPC control.  
[gimbal_pipeline_node-5] Target not in tracking/temp_lost state, skipping MPC control.  
[component_container_mt-4] [0m[38;2;128;128;128m[DEBUG]  [armor_detector]  [2026-03-21 07:34:53] : Image frame_id: camera_optical_frame, odom_frame: odom
[gimbal_pipeline_node-5] Target not in tracking/temp_lost state, skipping MPC control.  
[gimbal_pipeline_node-5] Target not in tracking/temp_lost state, skipping MPC control.  
[gimbal_pipeline_node-5] Target not in tracking/temp_lost state, skipping MPC control.  
[component_container_mt-4] [0m[38;2;128;128;128m[DEBUG]  [armor_detector]  [2026-03-21 07:34:53] : Image frame_id: camera_optical_frame, odom_frame: odom
[gimbal_pipeline_node-5] Target not in tracking/temp_lost state, skipping MPC control.  
[gimbal_pipeline_node-5] Target not in tracking/temp_lost state, skipping MPC control.  
[gimbal_pipeline_node-5] Target not in tracking/temp_lost state, skipping MPC control.  
[gimbal_pipeline_node-5] Target not in tracking/temp_lost state, skipping MPC control.  
[component_container_mt-4] [0m[38;2;128;128;128m[DEBUG]  [armor_detector]  [2026-03-21 07:34:53] : Image frame_id: camera_optical_frame, odom_frame: odom
[gimbal_pipeline_node-5] Target not in tracking/temp_lost state, skipping MPC control.  
[gimbal_pipeline_node-5] Target not in tracking/temp_lost state, skipping MPC control.  
[gimbal_pipeline_node-5] Target not in tracking/temp_lost state, skipping MPC control.  
[component_container_mt-4] [0m[38;2;128;128;128m[DEBUG]  [armor_detector]  [2026-03-21 07:34:53] : Image frame_id: camera_optical_frame, odom_frame: odom
[gimbal_pipeline_node-5] Target not in tracking/temp_lost state, skipping MPC control.  
[gimbal_pipeline_node-5] Target not in tracking/temp_lost state, skipping MPC control.  
[gimbal_pipeline_node-5] Target not in tracking/temp_lost state, skipping MPC control.  
[component_container_mt-4] [0m[38;2;128;128;128m[DEBUG]  [armor_detector]  [2026-03-21 07:34:53] : Image frame_id: camera_optical_frame, odom_frame: odom
[gimbal_pipeline_node-5] Target not in tracking/temp_lost state, skipping MPC control.  
[gimbal_pipeline_node-5] Target not in tracking/temp_lost state, skipping MPC control.  
[component_container_mt-4] [0m[38;2;128;128;128m[DEBUG]  [armor_detector]  [2026-03-21 07:34:53] : Image frame_id: camera_optical_frame, odom_frame: odom
[gimbal_pipeline_node-5] Target not in tracking/temp_lost state, skipping MPC control.  
[gimbal_pipeline_node-5] Target not in tracking/temp_lost state, skipping MPC control.  
[gimbal_pipeline_node-5] Target not in tracking/temp_lost state, skipping MPC control.  
[gimbal_pipeline_node-5] Target not in tracking/temp_lost state, skipping MPC control.  
[component_container_mt-4] [0m[38;2;128;128;128m[DEBUG]  [armor_detector]  [2026-03-21 07:34:53] : Image frame_id: camera_optical_frame, odom_frame: odom
[gimbal_pipeline_node-5] Target not in tracking/temp_lost state, skipping MPC control.  
[gimbal_pipeline_node-5] Target not in tracking/temp_lost state, skipping MPC control.  
[gimbal_pipeline_node-5] Target not in tracking/temp_lost state, skipping MPC control.  
[component_container_mt-4] [0m[38;2;128;128;128m[DEBUG]  [armor_detector]  [2026-03-21 07:34:53] : Image frame_id: camera_optical_frame, odom_frame: odom
[gimbal_pipeline_node-5] Target not in tracking/temp_lost state, skipping MPC control.  
[gimbal_pipeline_node-5] Target not in tracking/temp_lost state, skipping MPC control.  
[gimbal_pipeline_node-5] Target not in tracking/temp_lost state, skipping MPC control.  
[component_container_mt-4] [0m[38;2;128;128;128m[DEBUG]  [armor_detector]  [2026-03-21 07:34:54] : Image frame_id: camera_optical_frame, odom_frame: odom
[gimbal_pipeline_node-5] Target not in tracking/temp_lost state, skipping MPC control.  
[gimbal_pipeline_node-5] Target not in tracking/temp_lost state, skipping MPC control.  
[gimbal_pipeline_node-5] Target not in tracking/temp_lost state, skipping MPC control.  
[gimbal_pipeline_node-5] Target not in tracking/temp_lost state, skipping MPC control.  
[gimbal_pipeline_node-5] Target not in tracking/temp_lost state, skipping MPC control.  
[component_container_mt-4] [0m[38;2;128;128;128m[DEBUG]  [armor_detector]  [2026-03-21 07:34:54] : Image frame_id: camera_optical_frame, odom_frame: odom
[gimbal_pipeline_node-5] Target not in tracking/temp_lost state, skipping MPC control.  
[gimbal_pipeline_node-5] Target not in tracking/temp_lost state, skipping MPC control.  
[component_container_mt-4] [0m[38;2;128;128;128m[DEBUG]  [armor_detector]  [2026-03-21 07:34:54] : Image frame_id: camera_optical_frame, odom_frame: odom
[gimbal_pipeline_node-5] Target not in tracking/temp_lost state, skipping MPC control.  
[gimbal_pipeline_node-5] Target not in tracking/temp_lost state, skipping MPC control.  
[component_container_mt-4] [0m[38;2;128;128;128m[DEBUG]  [armor_detector]  [2026-03-21 07:34:54] : Image frame_id: camera_optical_frame, odom_frame: odom
[gimbal_pipeline_node-5] Target not in tracking/temp_lost state, skipping MPC control.  
[gimbal_pipeline_node-5] Target not in tracking/temp_lost state, skipping MPC control.  
[gimbal_pipeline_node-5] Target not in tracking/temp_lost state, skipping MPC control.  
[component_container_mt-4] [0m[38;2;128;128;128m[DEBUG]  [armor_detector]  [2026-03-21 07:34:54] : Image frame_id: camera_optical_frame, odom_frame: odom
[gimbal_pipeline_node-5] Target not in tracking/temp_lost state, skipping MPC control.  
[gimbal_pipeline_node-5] Target not in tracking/temp_lost state, skipping MPC control.  
[component_container_mt-4] [0m[38;2;128;128;128m[DEBUG]  [armor_detector]  [2026-03-21 07:34:54] : Image frame_id: camera_optical_frame, odom_frame: odom
[gimbal_pipeline_node-5] Target not in tracking/temp_lost state, skipping MPC control.  
[gimbal_pipeline_node-5] Target not in tracking/temp_lost state, skipping MPC control.  
[component_container_mt-4] [0m[38;2;128;128;128m[DEBUG]  [armor_detector]  [2026-03-21 07:34:54] : Image frame_id: camera_optical_frame, odom_frame: odom
[gimbal_pipeline_node-5] Target not in tracking/temp_lost state, skipping MPC control.  
[gimbal_pipeline_node-5] Target not in tracking/temp_lost state, skipping MPC control.  
[gimbal_pipeline_node-5] Target not in tracking/temp_lost state, skipping MPC control.  
[gimbal_pipeline_node-5] Target not in tracking/temp_lost state, skipping MPC control.  
[component_container_mt-4] [0m[38;2;128;128;128m[DEBUG]  [armor_detector]  [2026-03-21 07:34:54] : Image frame_id: camera_optical_frame, odom_frame: odom
[gimbal_pipeline_node-5] Target not in tracking/temp_lost state, skipping MPC control.  
[gimbal_pipeline_node-5] Target not in tracking/temp_lost state, skipping MPC control.  
[gimbal_pipeline_node-5] Target not in tracking/temp_lost state, skipping MPC control.  
[gimbal_pipeline_node-5] Target not in tracking/temp_lost state, skipping MPC control.  
[component_container_mt-4] [0m[38;2;128;128;128m[DEBUG]  [armor_detector]  [2026-03-21 07:34:54] : Image frame_id: camera_optical_frame, odom_frame: odom
[gimbal_pipeline_node-5] Target not in tracking/temp_lost state, skipping MPC control.  
[gimbal_pipeline_node-5] Target not in tracking/temp_lost state, skipping MPC control.  
[gimbal_pipeline_node-5] Target not in tracking/temp_lost state, skipping MPC control.  
[component_container_mt-4] [0m[38;2;128;128;128m[DEBUG]  [armor_detector]  [2026-03-21 07:34:54] : Image frame_id: camera_optical_frame, odom_frame: odom
[gimbal_pipeline_node-5] Target not in tracking/temp_lost state, skipping MPC control.  
[gimbal_pipeline_node-5] Target not in tracking/temp_lost state, skipping MPC control.  
[component_container_mt-4] [0m[38;2;128;128;128m[DEBUG]  [armor_detector]  [2026-03-21 07:34:54] : Image frame_id: camera_optical_frame, odom_frame: odom
[gimbal_pipeline_node-5] Target not in tracking/temp_lost state, skipping MPC control.  
[gimbal_pipeline_node-5] Target not in tracking/temp_lost state, skipping MPC control.  
[gimbal_pipeline_node-5] Target not in tracking/temp_lost state, skipping MPC control.  
[component_container_mt-4] [0m[38;2;128;128;128m[DEBUG]  [armor_detector]  [2026-03-21 07:34:54] : Image frame_id: camera_optical_frame, odom_frame: odom
[gimbal_pipeline_node-5] Target not in tracking/temp_lost state, skipping MPC control.  
[gimbal_pipeline_node-5] Target not in tracking/temp_lost state, skipping MPC control.  
[component_container_mt-4] [0m[38;2;128;128;128m[DEBUG]  [armor_detector]  [2026-03-21 07:34:54] : Image frame_id: camera_optical_frame, odom_frame: odom
[gimbal_pipeline_node-5] Target not in tracking/temp_lost state, skipping MPC control.  
[gimbal_pipeline_node-5] Target not in tracking/temp_lost state, skipping MPC control.  
[gimbal_pipeline_node-5] Target not in tracking/temp_lost state, skipping MPC control.  
[component_container_mt-4] [0m[38;2;128;128;128m[DEBUG]  [armor_detector]  [2026-03-21 07:34:54] : Image frame_id: camera_optical_frame, odom_frame: odom
[gimbal_pipeline_node-5] Target not in tracking/temp_lost state, skipping MPC control.  
[gimbal_pipeline_node-5] Target not in tracking/temp_lost state, skipping MPC control.  
[gimbal_pipeline_node-5] Target not in tracking/temp_lost state, skipping MPC control.  
[component_container_mt-4] [0m[38;2;128;128;128m[DEBUG]  [armor_detector]  [2026-03-21 07:34:54] : Image frame_id: camera_optical_frame, odom_frame: odom
[gimbal_pipeline_node-5] Target not in tracking/temp_lost state, skipping MPC control.  
[gimbal_pipeline_node-5] Target not in tracking/temp_lost state, skipping MPC control.  
[component_container_mt-4] [0m[38;2;128;128;128m[DEBUG]  [armor_detector]  [2026-03-21 07:34:54] : Image frame_id: camera_optical_frame, odom_frame: odom
[gimbal_pipeline_node-5] Target not in tracking/temp_lost state, skipping MPC control.  
[gimbal_pipeline_node-5] Target not in tracking/temp_lost state, skipping MPC control.  
[gimbal_pipeline_node-5] Target not in tracking/temp_lost state, skipping MPC control.  
[gimbal_pipeline_node-5] Target not in tracking/temp_lost state, skipping MPC control.  
[gimbal_pipeline_node-5] Target not in tracking/temp_lost state, skipping MPC control.  
[gimbal_pipeline_node-5] Target not in tracking/temp_lost state, skipping MPC control.  
[component_container_mt-4] [0m[38;2;128;128;128m[DEBUG]  [armor_detector]  [2026-03-21 07:34:54] : Image frame_id: camera_optical_frame, odom_frame: odom
[gimbal_pipeline_node-5] Target not in tracking/temp_lost state, skipping MPC control.  
[gimbal_pipeline_node-5] Target not in tracking/temp_lost state, skipping MPC control.  
[component_container_mt-4] [0m[38;2;128;128;128m[DEBUG]  [armor_detector]  [2026-03-21 07:34:54] : Image frame_id: camera_optical_frame, odom_frame: odom
[gimbal_pipeline_node-5] Target not in tracking/temp_lost state, skipping MPC control.  
[gimbal_pipeline_node-5] Target not in tracking/temp_lost state, skipping MPC control.  
[gimbal_pipeline_node-5] Target not in tracking/temp_lost state, skipping MPC control.  
[component_container_mt-4] [0m[38;2;128;128;128m[DEBUG]  [armor_detector]  [2026-03-21 07:34:54] : Image frame_id: camera_optical_frame, odom_frame: odom
[gimbal_pipeline_node-5] Target not in tracking/temp_lost state, skipping MPC control.  
[gimbal_pipeline_node-5] Target not in tracking/temp_lost state, skipping MPC control.  
[component_container_mt-4] [0m[38;2;128;128;128m[DEBUG]  [armor_detector]  [2026-03-21 07:34:54] : Image frame_id: camera_optical_frame, odom_frame: odom
[gimbal_pipeline_node-5] Target not in tracking/temp_lost state, skipping MPC control.  
[gimbal_pipeline_node-5] Target not in tracking/temp_lost state, skipping MPC control.  
[gimbal_pipeline_node-5] Target not in tracking/temp_lost state, skipping MPC control.  
[component_container_mt-4] [0m[38;2;128;128;128m[DEBUG]  [armor_detector]  [2026-03-21 07:34:54] : Image frame_id: camera_optical_frame, odom_frame: odom
[gimbal_pipeline_node-5] Target not in tracking/temp_lost state, skipping MPC control.  
[gimbal_pipeline_node-5] Target not in tracking/temp_lost state, skipping MPC control.  
[gimbal_pipeline_node-5] Target not in tracking/temp_lost state, skipping MPC control.  
[component_container_mt-4] [0m[38;2;128;128;128m[DEBUG]  [armor_detector]  [2026-03-21 07:34:54] : Image frame_id: camera_optical_frame, odom_frame: odom
[gimbal_pipeline_node-5] Target not in tracking/temp_lost state, skipping MPC control.  
[gimbal_pipeline_node-5] Target not in tracking/temp_lost state, skipping MPC control.  
[component_container_mt-4] [0m[38;2;128;128;128m[DEBUG]  [armor_detector]  [2026-03-21 07:34:54] : Image frame_id: camera_optical_frame, odom_frame: odom
[gimbal_pipeline_node-5] Target not in tracking/temp_lost state, skipping MPC control.  
[gimbal_pipeline_node-5] Target not in tracking/temp_lost state, skipping MPC control.  
[gimbal_pipeline_node-5] Target not in tracking/temp_lost state, skipping MPC control.  
[component_container_mt-4] [0m[38;2;128;128;128m[DEBUG]  [armor_detector]  [2026-03-21 07:34:54] : Image frame_id: camera_optical_frame, odom_frame: odom
[gimbal_pipeline_node-5] Target not in tracking/temp_lost state, skipping MPC control.  
[gimbal_pipeline_node-5] Target not in tracking/temp_lost state, skipping MPC control.  
[gimbal_pipeline_node-5] Target not in tracking/temp_lost state, skipping MPC control.  
[gimbal_pipeline_node-5] Target not in tracking/temp_lost state, skipping MPC control.  
[component_container_mt-4] [0m[38;2;128;128;128m[DEBUG]  [armor_detector]  [2026-03-21 07:34:54] : Image frame_id: camera_optical_frame, odom_frame: odom
[gimbal_pipeline_node-5] Target not in tracking/temp_lost state, skipping MPC control.  
[gimbal_pipeline_node-5] Target not in tracking/temp_lost state, skipping MPC control.  
[gimbal_pipeline_node-5] Target not in tracking/temp_lost state, skipping MPC control.  
[component_container_mt-4] [0m[38;2;128;128;128m[DEBUG]  [armor_detector]  [2026-03-21 07:34:54] : Image frame_id: camera_optical_frame, odom_frame: odom
[gimbal_pipeline_node-5] Target not in tracking/temp_lost state, skipping MPC control.  
[gimbal_pipeline_node-5] Target not in tracking/temp_lost state, skipping MPC control.  
[gimbal_pipeline_node-5] Target not in tracking/temp_lost state, skipping MPC control.  
[component_container_mt-4] [0m[38;2;128;128;128m[DEBUG]  [armor_detector]  [2026-03-21 07:34:54] : Image frame_id: camera_optical_frame, odom_frame: odom
[gimbal_pipeline_node-5] Target not in tracking/temp_lost state, skipping MPC control.  
[gimbal_pipeline_node-5] Target not in tracking/temp_lost state, skipping MPC control.  
[component_container_mt-4] [0m[38;2;128;128;128m[DEBUG]  [armor_detector]  [2026-03-21 07:34:54] : Image frame_id: camera_optical_frame, odom_frame: odom
[gimbal_pipeline_node-5] Target not in tracking/temp_lost state, skipping MPC control.  
[gimbal_pipeline_node-5] Target not in tracking/temp_lost state, skipping MPC control.  
[gimbal_pipeline_node-5] Target not in tracking/temp_lost state, skipping MPC control.  
[component_container_mt-4] [0m[38;2;128;128;128m[DEBUG]  [armor_detector]  [2026-03-21 07:34:54] : Image frame_id: camera_optical_frame, odom_frame: odom
[gimbal_pipeline_node-5] Target not in tracking/temp_lost state, skipping MPC control.  
[gimbal_pipeline_node-5] Target not in tracking/temp_lost state, skipping MPC control.  
[component_container_mt-4] [0m[38;2;128;128;128m[DEBUG]  [armor_detector]  [2026-03-21 07:34:54] : Image frame_id: camera_optical_frame, odom_frame: odom
[gimbal_pipeline_node-5] Target not in tracking/temp_lost state, skipping MPC control.  
[gimbal_pipeline_node-5] Target not in tracking/temp_lost state, skipping MPC control.  
[gimbal_pipeline_node-5] Target not in tracking/temp_lost state, skipping MPC control.  
[component_container_mt-4] [0m[38;2;128;128;128m[DEBUG]  [armor_detector]  [2026-03-21 07:34:54] : Image frame_id: camera_optical_frame, odom_frame: odom
[gimbal_pipeline_node-5] Target not in tracking/temp_lost state, skipping MPC control.  
[gimbal_pipeline_node-5] Target not in tracking/temp_lost state, skipping MPC control.  
[component_container_mt-4] [0m[38;2;128;128;128m[DEBUG]  [armor_detector]  [2026-03-21 07:34:54] : Image frame_id: camera_optical_frame, odom_frame: odom
[gimbal_pipeline_node-5] Target not in tracking/temp_lost state, skipping MPC control.  
[gimbal_pipeline_node-5] Target not in tracking/temp_lost state, skipping MPC control.  
[gimbal_pipeline_node-5] Target not in tracking/temp_lost state, skipping MPC control.  
[component_container_mt-4] [0m[38;2;128;128;128m[DEBUG]  [armor_detector]  [2026-03-21 07:34:54] : Image frame_id: camera_optical_frame, odom_frame: odom
[gimbal_pipeline_node-5] Target not in tracking/temp_lost state, skipping MPC control.  
[gimbal_pipeline_node-5] Target not in tracking/temp_lost state, skipping MPC control.  
[gimbal_pipeline_node-5] Target not in tracking/temp_lost state, skipping MPC control.  
[gimbal_pipeline_node-5] Target not in tracking/temp_lost state, skipping MPC control.  
[component_container_mt-4] [0m[38;2;128;128;128m[DEBUG]  [armor_detector]  [2026-03-21 07:34:54] : Image frame_id: camera_optical_frame, odom_frame: odom
[gimbal_pipeline_node-5] Target not in tracking/temp_lost state, skipping MPC control.  
[gimbal_pipeline_node-5] Target not in tracking/temp_lost state, skipping MPC control.  
[gimbal_pipeline_node-5] Target not in tracking/temp_lost state, skipping MPC control.  
[component_container_mt-4] [0m[38;2;128;128;128m[DEBUG]  [armor_detector]  [2026-03-21 07:34:54] : Image frame_id: camera_optical_frame, odom_frame: odom
[gimbal_pipeline_node-5] Target not in tracking/temp_lost state, skipping MPC control.  
[gimbal_pipeline_node-5] Target not in tracking/temp_lost state, skipping MPC control.  
[component_container_mt-4] [0m[38;2;128;128;128m[DEBUG]  [armor_detector]  [2026-03-21 07:34:54] : Image frame_id: camera_optical_frame, odom_frame: odom
[gimbal_pipeline_node-5] Target not in tracking/temp_lost state, skipping MPC control.  
[gimbal_pipeline_node-5] Target not in tracking/temp_lost state, skipping MPC control.  
[gimbal_pipeline_node-5] Target not in tracking/temp_lost state, skipping MPC control.  
[component_container_mt-4] [0m[38;2;128;128;128m[DEBUG]  [armor_detector]  [2026-03-21 07:34:54] : Image frame_id: camera_optical_frame, odom_frame: odom
[gimbal_pipeline_node-5] Target not in tracking/temp_lost state, skipping MPC control.  
[gimbal_pipeline_node-5] Target not in tracking/temp_lost state, skipping MPC control.  
[gimbal_pipeline_node-5] Target not in tracking/temp_lost state, skipping MPC control.  
[component_container_mt-4] [0m[38;2;128;128;128m[DEBUG]  [armor_detector]  [2026-03-21 07:34:54] : Image frame_id: camera_optical_frame, odom_frame: odom
[gimbal_pipeline_node-5] Target not in tracking/temp_lost state, skipping MPC control.  
[gimbal_pipeline_node-5] Target not in tracking/temp_lost state, skipping MPC control.  
[component_container_mt-4] [0m[38;2;128;128;128m[DEBUG]  [armor_detector]  [2026-03-21 07:34:54] : Image frame_id: camera_optical_frame, odom_frame: odom
[gimbal_pipeline_node-5] Target not in tracking/temp_lost state, skipping MPC control.  
[gimbal_pipeline_node-5] Target not in tracking/temp_lost state, skipping MPC control.  
[gimbal_pipeline_node-5] Target not in tracking/temp_lost state, skipping MPC control.  
[gimbal_pipeline_node-5] Target not in tracking/temp_lost state, skipping MPC control.  
[component_container_mt-4] [0m[38;2;128;128;128m[DEBUG]  [armor_detector]  [2026-03-21 07:34:54] : Image frame_id: camera_optical_frame, odom_frame: odom
[gimbal_pipeline_node-5] Target not in tracking/temp_lost state, skipping MPC control.  
[gimbal_pipeline_node-5] Target not in tracking/temp_lost state, skipping MPC control.  
[gimbal_pipeline_node-5] Target not in tracking/temp_lost state, skipping MPC control.  
[gimbal_pipeline_node-5] Target not in tracking/temp_lost state, skipping MPC control.  
[component_container_mt-4] [0m[38;2;128;128;128m[DEBUG]  [armor_detector]  [2026-03-21 07:34:54] : Image frame_id: camera_optical_frame, odom_frame: odom
[gimbal_pipeline_node-5] Target not in tracking/temp_lost state, skipping MPC control.  
[gimbal_pipeline_node-5] Target not in tracking/temp_lost state, skipping MPC control.  
[gimbal_pipeline_node-5] Target not in tracking/temp_lost state, skipping MPC control.  
[gimbal_pipeline_node-5] Target not in tracking/temp_lost state, skipping MPC control.  
[gimbal_pipeline_node-5] Target not in tracking/temp_lost state, skipping MPC control.  
[component_container_mt-4] [0m[38;2;128;128;128m[DEBUG]  [armor_detector]  [2026-03-21 07:34:54] : Image frame_id: camera_optical_frame, odom_frame: odom
[gimbal_pipeline_node-5] Target not in tracking/temp_lost state, skipping MPC control.  
[gimbal_pipeline_node-5] Target not in tracking/temp_lost state, skipping MPC control.  
[gimbal_pipeline_node-5] Target not in tracking/temp_lost state, skipping MPC control.  
[component_container_mt-4] [0m[38;2;128;128;128m[DEBUG]  [armor_detector]  [2026-03-21 07:34:54] : Image frame_id: camera_optical_frame, odom_frame: odom
[gimbal_pipeline_node-5] Target not in tracking/temp_lost state, skipping MPC control.  
[gimbal_pipeline_node-5] Target not in tracking/temp_lost state, skipping MPC control.  
[gimbal_pipeline_node-5] Target not in tracking/temp_lost state, skipping MPC control.  
[component_container_mt-4] [0m[38;2;128;128;128m[DEBUG]  [armor_detector]  [2026-03-21 07:34:54] : Image frame_id: camera_optical_frame, odom_frame: odom
[gimbal_pipeline_node-5] Target not in tracking/temp_lost state, skipping MPC control.  
[gimbal_pipeline_node-5] Target not in tracking/temp_lost state, skipping MPC control.  
[component_container_mt-4] [0m[38;2;128;128;128m[DEBUG]  [armor_detector]  [2026-03-21 07:34:54] : Image frame_id: camera_optical_frame, odom_frame: odom
[gimbal_pipeline_node-5] Target not in tracking/temp_lost state, skipping MPC control.  
[gimbal_pipeline_node-5] Target not in tracking/temp_lost state, skipping MPC control.  
[component_container_mt-4] [0m[38;2;128;128;128m[DEBUG]  [armor_detector]  [2026-03-21 07:34:54] : Image frame_id: camera_optical_frame, odom_frame: odom
[gimbal_pipeline_node-5] Target not in tracking/temp_lost state, skipping MPC control.  
[gimbal_pipeline_node-5] Target not in tracking/temp_lost state, skipping MPC control.  
[gimbal_pipeline_node-5] Target not in tracking/temp_lost state, skipping MPC control.  
[gimbal_pipeline_node-5] Target not in tracking/temp_lost state, skipping MPC control.  
[component_container_mt-4] [0m[38;2;128;128;128m[DEBUG]  [armor_detector]  [2026-03-21 07:34:54] : Image frame_id: camera_optical_frame, odom_frame: odom
[gimbal_pipeline_node-5] Target not in tracking/temp_lost state, skipping MPC control.  
[gimbal_pipeline_node-5] Target not in tracking/temp_lost state, skipping MPC control.  
[gimbal_pipeline_node-5] Target not in tracking/temp_lost state, skipping MPC control.  
[gimbal_pipeline_node-5] Target not in tracking/temp_lost state, skipping MPC control.  
[gimbal_pipeline_node-5] Target not in tracking/temp_lost state, skipping MPC control.  
[component_container_mt-4] [0m[38;2;128;128;128m[DEBUG]  [armor_detector]  [2026-03-21 07:34:54] : Image frame_id: camera_optical_frame, odom_frame: odom
[gimbal_pipeline_node-5] Target not in tracking/temp_lost state, skipping MPC control.  
[gimbal_pipeline_node-5] Target not in tracking/temp_lost state, skipping MPC control.  
[gimbal_pipeline_node-5] Target not in tracking/temp_lost state, skipping MPC control.  
[gimbal_pipeline_node-5] Target not in tracking/temp_lost state, skipping MPC control.  
[gimbal_pipeline_node-5] Target not in tracking/temp_lost state, skipping MPC control.  
[gimbal_pipeline_node-5] Target not in tracking/temp_lost state, skipping MPC control.  
[component_container_mt-4] [0m[38;2;128;128;128m[DEBUG]  [armor_detector]  [2026-03-21 07:34:54] : Image frame_id: camera_optical_frame, odom_frame: odom
[gimbal_pipeline_node-5] Target not in tracking/temp_lost state, skipping MPC control.  
[gimbal_pipeline_node-5] Target not in tracking/temp_lost state, skipping MPC control.  
[gimbal_pipeline_node-5] Target not in tracking/temp_lost state, skipping MPC control.  
[gimbal_pipeline_node-5] Target not in tracking/temp_lost state, skipping MPC control.  
[component_container_mt-4] [0m[38;2;128;128;128m[DEBUG]  [armor_detector]  [2026-03-21 07:34:54] : Image frame_id: camera_optical_frame, odom_frame: odom
[gimbal_pipeline_node-5] Target not in tracking/temp_lost state, skipping MPC control.  
[gimbal_pipeline_node-5] Target not in tracking/temp_lost state, skipping MPC control.  
[gimbal_pipeline_node-5] Target not in tracking/temp_lost state, skipping MPC control.  
[gimbal_pipeline_node-5] Target not in tracking/temp_lost state, skipping MPC control.  
[gimbal_pipeline_node-5] Target not in tracking/temp_lost state, skipping MPC control.  
[gimbal_pipeline_node-5] Target not in tracking/temp_lost state, skipping MPC control.  
[component_container_mt-4] [0m[38;2;128;128;128m[DEBUG]  [armor_detector]  [2026-03-21 07:34:54] : Image frame_id: camera_optical_frame, odom_frame: odom
[gimbal_pipeline_node-5] Target not in tracking/temp_lost state, skipping MPC control.  
[gimbal_pipeline_node-5] Target not in tracking/temp_lost state, skipping MPC control.  
[gimbal_pipeline_node-5] Target not in tracking/temp_lost state, skipping MPC control.  
[gimbal_pipeline_node-5] Target not in tracking/temp_lost state, skipping MPC control.  
[gimbal_pipeline_node-5] Target not in tracking/temp_lost state, skipping MPC control.  
[component_container_mt-4] [0m[38;2;128;128;128m[DEBUG]  [armor_detector]  [2026-03-21 07:34:54] : Image frame_id: camera_optical_frame, odom_frame: odom
[gimbal_pipeline_node-5] Target not in tracking/temp_lost state, skipping MPC control.  
[gimbal_pipeline_node-5] Target not in tracking/temp_lost state, skipping MPC control.  
[component_container_mt-4] [0m[38;2;128;128;128m[DEBUG]  [armor_detector]  [2026-03-21 07:34:54] : Image frame_id: camera_optical_frame, odom_frame: odom
[gimbal_pipeline_node-5] Target not in tracking/temp_lost state, skipping MPC control.  
[gimbal_pipeline_node-5] Target not in tracking/temp_lost state, skipping MPC control.  
[gimbal_pipeline_node-5] Target not in tracking/temp_lost state, skipping MPC control.  
[component_container_mt-4] [0m[38;2;128;128;128m[DEBUG]  [armor_detector]  [2026-03-21 07:34:54] : Image frame_id: camera_optical_frame, odom_frame: odom
[gimbal_pipeline_node-5] Target not in tracking/temp_lost state, skipping MPC control.  
[gimbal_pipeline_node-5] Target not in tracking/temp_lost state, skipping MPC control.  
[gimbal_pipeline_node-5] Target not in tracking/temp_lost state, skipping MPC control.  
[gimbal_pipeline_node-5] Target not in tracking/temp_lost state, skipping MPC control.  
[component_container_mt-4] [0m[38;2;128;128;128m[DEBUG]  [armor_detector]  [2026-03-21 07:34:54] : Image frame_id: camera_optical_frame, odom_frame: odom
[gimbal_pipeline_node-5] Target not in tracking/temp_lost state, skipping MPC control.  
[gimbal_pipeline_node-5] Target not in tracking/temp_lost state, skipping MPC control.  
[gimbal_pipeline_node-5] Target not in tracking/temp_lost state, skipping MPC control.  
[component_container_mt-4] [0m[38;2;128;128;128m[DEBUG]  [armor_detector]  [2026-03-21 07:34:54] : Image frame_id: camera_optical_frame, odom_frame: odom
[gimbal_pipeline_node-5] Target not in tracking/temp_lost state, skipping MPC control.  
[gimbal_pipeline_node-5] Target not in tracking/temp_lost state, skipping MPC control.  
[gimbal_pipeline_node-5] Target not in tracking/temp_lost state, skipping MPC control.  
[component_container_mt-4] [0m[38;2;128;128;128m[DEBUG]  [armor_detector]  [2026-03-21 07:34:54] : Image frame_id: camera_optical_frame, odom_frame: odom
[gimbal_pipeline_node-5] Target not in tracking/temp_lost state, skipping MPC control.  
[gimbal_pipeline_node-5] Target not in tracking/temp_lost state, skipping MPC control.  
[gimbal_pipeline_node-5] Target not in tracking/temp_lost state, skipping MPC control.  
[component_container_mt-4] [0m[38;2;128;128;128m[DEBUG]  [armor_detector]  [2026-03-21 07:34:54] : Image frame_id: camera_optical_frame, odom_frame: odom
[gimbal_pipeline_node-5] Target not in tracking/temp_lost state, skipping MPC control.  
[gimbal_pipeline_node-5] Target not in tracking/temp_lost state, skipping MPC control.  
[gimbal_pipeline_node-5] Target not in tracking/temp_lost state, skipping MPC control.  
[component_container_mt-4] [0m[38;2;128;128;128m[DEBUG]  [armor_detector]  [2026-03-21 07:34:54] : Image frame_id: camera_optical_frame, odom_frame: odom
[gimbal_pipeline_node-5] Target not in tracking/temp_lost state, skipping MPC control.  
[gimbal_pipeline_node-5] Target not in tracking/temp_lost state, skipping MPC control.  
[gimbal_pipeline_node-5] Target not in tracking/temp_lost state, skipping MPC control.  
[gimbal_pipeline_node-5] Target not in tracking/temp_lost state, skipping MPC control.  
[gimbal_pipeline_node-5] Target not in tracking/temp_lost state, skipping MPC control.  
[gimbal_pipeline_node-5] Target not in tracking/temp_lost state, skipping MPC control.  
[component_container_mt-4] [0m[38;2;128;128;128m[DEBUG]  [armor_detector]  [2026-03-21 07:34:54] : Image frame_id: camera_optical_frame, odom_frame: odom
[gimbal_pipeline_node-5] Target not in tracking/temp_lost state, skipping MPC control.  
[gimbal_pipeline_node-5] Target not in tracking/temp_lost state, skipping MPC control.  
[gimbal_pipeline_node-5] Target not in tracking/temp_lost state, skipping MPC control.  
[gimbal_pipeline_node-5] Target not in tracking/temp_lost state, skipping MPC control.  
[component_container_mt-4] [0m[38;2;128;128;128m[DEBUG]  [armor_detector]  [2026-03-21 07:34:54] : Image frame_id: camera_optical_frame, odom_frame: odom
[gimbal_pipeline_node-5] Target not in tracking/temp_lost state, skipping MPC control.  
[gimbal_pipeline_node-5] Target not in tracking/temp_lost state, skipping MPC control.  
[gimbal_pipeline_node-5] Target not in tracking/temp_lost state, skipping MPC control.  
[gimbal_pipeline_node-5] Target not in tracking/temp_lost state, skipping MPC control.  
[gimbal_pipeline_node-5] Target not in tracking/temp_lost state, skipping MPC control.  
[gimbal_pipeline_node-5] Target not in tracking/temp_lost state, skipping MPC control.  
[component_container_mt-4] [0m[38;2;128;128;128m[DEBUG]  [armor_detector]  [2026-03-21 07:34:54] : Image frame_id: camera_optical_frame, odom_frame: odom
[gimbal_pipeline_node-5] Target not in tracking/temp_lost state, skipping MPC control.  
[gimbal_pipeline_node-5] Target not in tracking/temp_lost state, skipping MPC control.  
[gimbal_pipeline_node-5] Target not in tracking/temp_lost state, skipping MPC control.  
[gimbal_pipeline_node-5] Target not in tracking/temp_lost state, skipping MPC control.  
[gimbal_pipeline_node-5] Target not in tracking/temp_lost state, skipping MPC control.  
[component_container_mt-4] [0m[38;2;128;128;128m[DEBUG]  [armor_detector]  [2026-03-21 07:34:54] : Image frame_id: camera_optical_frame, odom_frame: odom
[gimbal_pipeline_node-5] Target not in tracking/temp_lost state, skipping MPC control.  
[gimbal_pipeline_node-5] Target not in tracking/temp_lost state, skipping MPC control.  
[component_container_mt-4] [0m[38;2;128;128;128m[DEBUG]  [armor_detector]  [2026-03-21 07:34:54] : Image frame_id: camera_optical_frame, odom_frame: odom
[gimbal_pipeline_node-5] Target not in tracking/temp_lost state, skipping MPC control.  
[gimbal_pipeline_node-5] Target not in tracking/temp_lost state, skipping MPC control.  
[gimbal_pipeline_node-5] Target not in tracking/temp_lost state, skipping MPC control.  
